Test S+pow0l.w0+dataa.h2h0 Allowed
States 3
1:X1=0x0; [x]=0x2020101;
1:X1=0x0; [x]=0x2020202;
1:X1=0x101; [x]=0x2020101;
No
Witnesses
Positive: 0 Negative: 3
Condition exists ([x]=0x2020202 /\ 1:X1=0x101)
Observation S+pow0l.w0+dataa.h2h0 Never 0 3
Hash=55519d3866f91aa67a90928c9724673f

