Test S+pow0l.w0+dataa.h2l.w0 Allowed
States 3
1:X1=0x0; [x]=0x1010101;
1:X1=0x0; [x]=0x2020202;
1:X1=0x101; [x]=0x1010101;
No
Witnesses
Positive: 0 Negative: 3
Condition exists ([x]=0x2020202 /\ 1:X1=0x101)
Observation S+pow0l.w0+dataa.h2l.w0 Never 0 3
Hash=8e13ced5f604648895f30b7577f4d8a7

