Test S+pow0l.w0+dataa.h2l.h2 Allowed
States 3
1:X1=0x0; [x]=0x1010202;
1:X1=0x0; [x]=0x2020202;
1:X1=0x101; [x]=0x1010202;
No
Witnesses
Positive: 0 Negative: 3
Condition exists ([x]=0x2020202 /\ 1:X1=0x101)
Observation S+pow0l.w0+dataa.h2l.h2 Never 0 3
Hash=4aa43d0be9e30608ead1f1904485e0d7

