Test A01 Allowed
States 1
0:X0=0;
Ok
Witnesses
Positive: 1 Negative: 0
Condition exists (0:X0=0)
Observation A01 Always 1 0
Hash=fac9c0d41ef2dc619014a5f8545de0ad

