Test A03 Allowed
States 1
0:X0=0;
Ok
Witnesses
Positive: 1 Negative: 0
Condition exists (0:X0=0)
Observation A03 Always 1 0
Hash=e804f43ed617529cd4b4213416b16b2c

