Test A07 Allowed
States 1
0:X0=0;
Ok
Witnesses
Positive: 1 Negative: 0
Condition exists (0:X0=0)
Observation A07 Always 1 0
Hash=f9e49f8c289ba262f75d16c89d629cdc

