Test A09 Allowed
States 1
[x]=255;
Ok
Witnesses
Positive: 1 Negative: 0
Condition exists ([x]=255)
Observation A09 Always 1 0
Hash=6267b21bf3ff7747d3301530889f9067

