Test A17 Allowed
States 1
[x]=44;
Ok
Witnesses
Positive: 1 Negative: 0
Condition exists ([x]=44)
Observation A17 Always 1 0
Hash=e59d8739bd436c143a2025bcfe9b9d18

