Test A241 Required
States 1
0:X0=1; 0:X1=2; 0:X2=t; t[2]=5;
Ok
Witnesses
Positive: 1 Negative: 0
Condition forall (0:X0=1 /\ 0:X1=2 /\ t[2]=5 /\ 0:X2=t)
Observation A241 Always 1 0
Hash=61e2edc6dd5b0845bc4e41def2697049

