Test L022 Required
States 1
0:X0=6; 1:X0=2;
Ok
Witnesses
Positive: 1 Negative: 0
Condition forall (0:X0=6 /\ 1:X0=2)
Observation L022 Always 1 0
Hash=63978aad883ca6ecd3f15a9b500fce5f

