Test L035 Allowed
States 3
1:X1=0; [x]=1;
1:X1=0; [x]=2;
1:X1=1; [x]=1;
No
Witnesses
Positive: 0 Negative: 3
Condition exists (1:X1=1 /\ [x]=2)
Observation L035 Never 0 3
Hash=8975a8afb190cd7edcfaa831305de569

