Test L038 Allowed
States 3
1:X1=0; [x]=1;
1:X1=0; [x]=2;
1:X1=1; [x]=1;
No
Witnesses
Positive: 0 Negative: 3
Condition exists (1:X1=1 /\ [x]=2)
Observation L038 Never 0 3
Hash=c3cc8c9b6c039efe45c1cf847ca493b5

