Test L039 Allowed
States 4
1:X1=0; 1:X2=0; 1:X7=0;
1:X1=0; 1:X2=0; 1:X7=1;
1:X1=1; 1:X2=0; 1:X7=0;
1:X1=1; 1:X2=0; 1:X7=1;
Ok
Witnesses
Positive: 1 Negative: 3
Condition exists (1:X1=1 /\ 1:X7=0 /\ 1:X2=0)
Observation L039 Sometimes 1 3
Hash=17499e4f8e6380837713b690253c707a

