Test CAS01 Allowed
States 1
0:X1=3; [x]=4;
Ok
Witnesses
Positive: 1 Negative: 0
Condition exists (0:X1=3 /\ [x]=4)
Observation CAS01 Always 1 0
Hash=b8931ab63fae4945344e617434d5bfd5

