Test LOGI01 Required
States 1
0:X0=12541;
Ok
Witnesses
Positive: 1 Negative: 0
Condition forall (0:X0=12541)
Observation LOGI01 Always 1 0
Hash=4fc2197b659a507a056299b9ecba86b6

