Test bitfields1 Required
States 1
0:main.0.b=1; 0:main.0.d=1; 0:main.0.e=1;
Ok
Witnesses
Positive: 1 Negative: 0
Condition forall (0:main.0.b=1 /\ 0:main.0.d=1 /\ 0:main.0.e=1)
Observation bitfields1 Always 1 0
Hash=21e1b0ff49cc0c7cc1c3cfd273230814

