Test no Required
States 1

Ok
Witnesses
Positive: 1 Negative: 0
Condition forall (true)
Observation no Always 1 0
Hash=699c9c4fff39f51e1815ef4370c4ef47

