Test S+poq0l.q0+addra.w4l.q0 Allowed
States 3
1:X1=0x0; [x]=0x101010101010101;
1:X1=0x0; [x]=0x202020202020202;
1:X1=0x1010101; [x]=0x101010101010101;
No
Witnesses
Positive: 0 Negative: 3
Condition exists ([x]=0x202020202020202 /\ 1:X1=0x1010101)
Observation S+poq0l.q0+addra.w4l.q0 Never 0 3
Hash=886a2d06c83fd12af3e9d17a136410d4

