Test S+po+ctrl Allowed
States 4
1:X1=0; [x]=1;
1:X1=0; [x]=2;
1:X1=1; [x]=1;
1:X1=1; [x]=2;
Ok
Witnesses
Positive: 1 Negative: 3
Condition exists ([x]=2 /\ 1:X1=1)
Observation S+po+ctrl Sometimes 1 3
Hash=1824aff7e6dfcbce98f7ce262ecbead5

