Test A004 Allowed
States 4
1:X0=1; 1:X1=1;
1:X0=1; 1:X1=2;
1:X0=2; 1:X1=1;
1:X0=2; 1:X1=2;
Ok
Witnesses
Positive: 1 Negative: 3
Condition exists (1:X0=2 /\ 1:X1=1)
Observation A004 Sometimes 1 3
Hash=a4610bdbbb2405e7c82c9a4b56acbae1

