Test A006 Allowed
States 16
1:X0=1; 1:X1=1; 3:X0=1; 3:X1=1;
1:X0=1; 1:X1=1; 3:X0=1; 3:X1=2;
1:X0=1; 1:X1=1; 3:X0=2; 3:X1=1;
1:X0=1; 1:X1=1; 3:X0=2; 3:X1=2;
1:X0=1; 1:X1=2; 3:X0=1; 3:X1=1;
1:X0=1; 1:X1=2; 3:X0=1; 3:X1=2;
1:X0=1; 1:X1=2; 3:X0=2; 3:X1=1;
1:X0=1; 1:X1=2; 3:X0=2; 3:X1=2;
1:X0=2; 1:X1=1; 3:X0=1; 3:X1=1;
1:X0=2; 1:X1=1; 3:X0=1; 3:X1=2;
1:X0=2; 1:X1=1; 3:X0=2; 3:X1=1;
1:X0=2; 1:X1=1; 3:X0=2; 3:X1=2;
1:X0=2; 1:X1=2; 3:X0=1; 3:X1=1;
1:X0=2; 1:X1=2; 3:X0=1; 3:X1=2;
1:X0=2; 1:X1=2; 3:X0=2; 3:X1=1;
1:X0=2; 1:X1=2; 3:X0=2; 3:X1=2;
Ok
Witnesses
Positive: 1 Negative: 15
Condition exists (1:X0=2 /\ 1:X1=1 /\ 3:X0=2 /\ 3:X1=1)
Observation A006 Sometimes 1 15
Hash=edec135b7ea827ac20b4c3a788c485de

