Test A011 Allowed
States 2
0:X2=0;
0:X2=1;
Ok
Witnesses
Positive: 1 Negative: 1
Condition exists (0:X2=0)
Observation A011 Sometimes 1 1
Hash=7c2889d6cfa4501cd73ee70ba35c713b

