Test RR+RR+amo.ldsetw0w0-pow0w0+rmwh0h0-rfih0w0-amo.staddw0w0-rfiw0h2-amo.ldseth2h2-poh2w0 Allowed
States 14
0:X1=0x0; 0:X3=0x0; 1:X1=0x0; 1:X3=0x0; 1:X5=0x202; 1:X8=0x0; [y]=0x3030303;
0:X1=0x0; 0:X3=0x0; 1:X1=0x0; 1:X3=0x0; 1:X5=0x202; 1:X8=0x1010101; [y]=0x3030303;
0:X1=0x0; 0:X3=0x0; 1:X1=0x0; 1:X3=0x1; 1:X5=0x202; 1:X8=0x0; [y]=0x3030202;
0:X1=0x0; 0:X3=0x0; 1:X1=0x0; 1:X3=0x1; 1:X5=0x202; 1:X8=0x1010101; [y]=0x3030202;
0:X1=0x0; 0:X3=0x101; 1:X1=0x0; 1:X3=0x0; 1:X5=0x202; 1:X8=0x0; [y]=0x3030303;
0:X1=0x0; 0:X3=0x101; 1:X1=0x0; 1:X3=0x0; 1:X5=0x202; 1:X8=0x1010101; [y]=0x3030303;
0:X1=0x0; 0:X3=0x2020202; 1:X1=0x0; 1:X3=0x1; 1:X5=0x202; 1:X8=0x0; [y]=0x3030202;
0:X1=0x0; 0:X3=0x2020202; 1:X1=0x0; 1:X3=0x1; 1:X5=0x202; 1:X8=0x1010101; [y]=0x3030202;
0:X1=0x0; 0:X3=0x2020303; 1:X1=0x0; 1:X3=0x0; 1:X5=0x202; 1:X8=0x0; [y]=0x3030303;
0:X1=0x0; 0:X3=0x2020303; 1:X1=0x0; 1:X3=0x0; 1:X5=0x202; 1:X8=0x1010101; [y]=0x3030303;
0:X1=0x0; 0:X3=0x3030202; 1:X1=0x0; 1:X3=0x1; 1:X5=0x202; 1:X8=0x0; [y]=0x3030202;
0:X1=0x0; 0:X3=0x3030202; 1:X1=0x0; 1:X3=0x1; 1:X5=0x202; 1:X8=0x1010101; [y]=0x3030202;
0:X1=0x0; 0:X3=0x3030303; 1:X1=0x0; 1:X3=0x0; 1:X5=0x202; 1:X8=0x0; [y]=0x3030303;
0:X1=0x0; 0:X3=0x3030303; 1:X1=0x0; 1:X3=0x0; 1:X5=0x202; 1:X8=0x1010101; [y]=0x3030303;
Ok
Witnesses
Positive: 1 Negative: 13
Condition exists ([y]=0x3030303 /\ 0:X1=0x0 /\ 0:X3=0x0 /\ 1:X3=0x0 /\ 1:X1=0x0 /\ 1:X5=0x202 /\ 1:X8=0x0)
Observation RR+RR+amo.ldsetw0w0-pow0w0+rmwh0h0-rfih0w0-amo.staddw0w0-rfiw0h2-amo.ldseth2h2-poh2w0 Sometimes 1 13
Hash=de138703293984b42beb031f27a41a4f

